// Jest Snapshot v1, https://goo.gl/fbAQLP

exports[`genDiff stylish format (default) 1`] = `
"{
  -  follow: false
  -  proxy: 123.234.53.22
  -  timeout: 50
  +  timeout: 20
  +  verbose: true
     host: hexlet.io
}"
`;
